Added Component: Designator=F1(1812_PTC_Polyfuse_Littelfuse)
Added Component: Designator=F2(1812_PTC_Polyfuse_Littelfuse)
Added Component: Designator=F3(1812_PTC_Polyfuse_Littelfuse)
Added Component: Designator=R1(R_0603_N)
Added Component: Designator=R2(R_0603_N)
Added Component: Designator=R3(R_0603_N)
Added Component: Designator=X1(618037231121)
Added Component: Designator=X2(TSW-108-XX-XXX-D)
Added Component: Designator=X3(HSEC8-140-01-XX-DV-A-BL-CARD)
Added Component: Designator=X4(TSW-110-XX-XXX-T)
Added Component: Designator=X5(TSW-110-XX-XXX-T)
Added Component: Designator=X6(618015231121)
Added Pin To Net: NetName=+3.3V Pin=R1-1
Added Net: Name=+3.3V
Added Pin To Net: NetName=3V3_PER_FUSED Pin=F3-2
Added Pin To Net: NetName=3V3_PER_FUSED Pin=X1-35
Added Pin To Net: NetName=3V3_PER_FUSED Pin=X2-13
Added Pin To Net: NetName=3V3_PER_FUSED Pin=X2-14
Added Pin To Net: NetName=3V3_PER_FUSED Pin=X6-1
Added Net: Name=3V3_PER_FUSED
Added Pin To Net: NetName=3V3_PER Pin=F3-1
Added Pin To Net: NetName=3V3_PER Pin=X3-13
Added Pin To Net: NetName=3V3_PER Pin=X3-14
Added Net: Name=3V3_PER
Added Pin To Net: NetName=5V_PER_FUSED Pin=F2-2
Added Pin To Net: NetName=5V_PER_FUSED Pin=X1-36
Added Pin To Net: NetName=5V_PER_FUSED Pin=X2-9
Added Pin To Net: NetName=5V_PER_FUSED Pin=X2-10
Added Net: Name=5V_PER_FUSED
Added Pin To Net: NetName=5V_PER Pin=F2-1
Added Pin To Net: NetName=5V_PER Pin=X3-9
Added Pin To Net: NetName=5V_PER Pin=X3-10
Added Net: Name=5V_PER
Added Pin To Net: NetName=ANL_01_N Pin=X1-20
Added Pin To Net: NetName=ANL_01_N Pin=X3-19
Added Pin To Net: NetName=ANL_01_N Pin=X4-3
Added Net: Name=ANL_01_N
Added Pin To Net: NetName=ANL_01_P Pin=X1-1
Added Pin To Net: NetName=ANL_01_P Pin=X3-17
Added Pin To Net: NetName=ANL_01_P Pin=X4-2
Added Net: Name=ANL_01_P
Added Pin To Net: NetName=ANL_02_N Pin=X1-21
Added Pin To Net: NetName=ANL_02_N Pin=X3-20
Added Pin To Net: NetName=ANL_02_N Pin=X4-6
Added Net: Name=ANL_02_N
Added Pin To Net: NetName=ANL_02_P Pin=X1-3
Added Pin To Net: NetName=ANL_02_P Pin=X3-18
Added Pin To Net: NetName=ANL_02_P Pin=X4-5
Added Net: Name=ANL_02_P
Added Pin To Net: NetName=ANL_03_N Pin=X1-23
Added Pin To Net: NetName=ANL_03_N Pin=X3-25
Added Pin To Net: NetName=ANL_03_N Pin=X4-9
Added Net: Name=ANL_03_N
Added Pin To Net: NetName=ANL_03_P Pin=X1-4
Added Pin To Net: NetName=ANL_03_P Pin=X3-23
Added Pin To Net: NetName=ANL_03_P Pin=X4-8
Added Net: Name=ANL_03_P
Added Pin To Net: NetName=ANL_04_N Pin=X1-24
Added Pin To Net: NetName=ANL_04_N Pin=X3-26
Added Pin To Net: NetName=ANL_04_N Pin=X4-12
Added Net: Name=ANL_04_N
Added Pin To Net: NetName=ANL_04_P Pin=X1-6
Added Pin To Net: NetName=ANL_04_P Pin=X3-24
Added Pin To Net: NetName=ANL_04_P Pin=X4-11
Added Net: Name=ANL_04_P
Added Pin To Net: NetName=ANL_05_N Pin=X1-26
Added Pin To Net: NetName=ANL_05_N Pin=X3-31
Added Pin To Net: NetName=ANL_05_N Pin=X4-15
Added Net: Name=ANL_05_N
Added Pin To Net: NetName=ANL_05_P Pin=X1-7
Added Pin To Net: NetName=ANL_05_P Pin=X3-29
Added Pin To Net: NetName=ANL_05_P Pin=X4-14
Added Net: Name=ANL_05_P
Added Pin To Net: NetName=ANL_06_N Pin=X1-27
Added Pin To Net: NetName=ANL_06_N Pin=X3-32
Added Pin To Net: NetName=ANL_06_N Pin=X4-18
Added Net: Name=ANL_06_N
Added Pin To Net: NetName=ANL_06_P Pin=X1-9
Added Pin To Net: NetName=ANL_06_P Pin=X3-30
Added Pin To Net: NetName=ANL_06_P Pin=X4-17
Added Net: Name=ANL_06_P
Added Pin To Net: NetName=ANL_07_N Pin=X1-29
Added Pin To Net: NetName=ANL_07_N Pin=X3-37
Added Pin To Net: NetName=ANL_07_N Pin=X4-21
Added Net: Name=ANL_07_N
Added Pin To Net: NetName=ANL_07_P Pin=X1-10
Added Pin To Net: NetName=ANL_07_P Pin=X3-35
Added Pin To Net: NetName=ANL_07_P Pin=X4-20
Added Net: Name=ANL_07_P
Added Pin To Net: NetName=ANL_08_N Pin=X1-30
Added Pin To Net: NetName=ANL_08_N Pin=X3-38
Added Pin To Net: NetName=ANL_08_N Pin=X4-24
Added Net: Name=ANL_08_N
Added Pin To Net: NetName=ANL_08_P Pin=X1-12
Added Pin To Net: NetName=ANL_08_P Pin=X3-36
Added Pin To Net: NetName=ANL_08_P Pin=X4-23
Added Net: Name=ANL_08_P
Added Pin To Net: NetName=ANL_09_N Pin=X1-32
Added Pin To Net: NetName=ANL_09_N Pin=X3-43
Added Pin To Net: NetName=ANL_09_N Pin=X4-27
Added Net: Name=ANL_09_N
Added Pin To Net: NetName=ANL_09_P Pin=X1-13
Added Pin To Net: NetName=ANL_09_P Pin=X3-41
Added Pin To Net: NetName=ANL_09_P Pin=X4-26
Added Net: Name=ANL_09_P
Added Pin To Net: NetName=ANL_10_N Pin=X1-33
Added Pin To Net: NetName=ANL_10_N Pin=X3-44
Added Pin To Net: NetName=ANL_10_N Pin=X4-30
Added Net: Name=ANL_10_N
Added Pin To Net: NetName=ANL_10_P Pin=X1-15
Added Pin To Net: NetName=ANL_10_P Pin=X3-42
Added Pin To Net: NetName=ANL_10_P Pin=X4-29
Added Net: Name=ANL_10_P
Added Pin To Net: NetName=ANL_RES_01 Pin=X3-60
Added Pin To Net: NetName=ANL_RES_01 Pin=X5-14
Added Net: Name=ANL_RES_01
Added Pin To Net: NetName=ANL_RES_02 Pin=X3-61
Added Pin To Net: NetName=ANL_RES_02 Pin=X5-16
Added Net: Name=ANL_RES_02
Added Pin To Net: NetName=ANL_RES_03 Pin=X3-62
Added Pin To Net: NetName=ANL_RES_03 Pin=X5-17
Added Net: Name=ANL_RES_03
Added Pin To Net: NetName=ANL_RES_04 Pin=X3-65
Added Pin To Net: NetName=ANL_RES_04 Pin=X5-19
Added Net: Name=ANL_RES_04
Added Pin To Net: NetName=ANL_RES_05 Pin=X3-66
Added Pin To Net: NetName=ANL_RES_05 Pin=X5-20
Added Net: Name=ANL_RES_05
Added Pin To Net: NetName=ANL_RES_06 Pin=X3-67
Added Pin To Net: NetName=ANL_RES_06 Pin=X5-22
Added Net: Name=ANL_RES_06
Added Pin To Net: NetName=ANL_RES_07 Pin=X3-68
Added Pin To Net: NetName=ANL_RES_07 Pin=X5-23
Added Net: Name=ANL_RES_07
Added Pin To Net: NetName=ANL_RES_08 Pin=X3-71
Added Pin To Net: NetName=ANL_RES_08 Pin=X5-25
Added Net: Name=ANL_RES_08
Added Pin To Net: NetName=ANL_RES_09 Pin=X3-72
Added Pin To Net: NetName=ANL_RES_09 Pin=X5-26
Added Net: Name=ANL_RES_09
Added Pin To Net: NetName=ANL_RES_10 Pin=X3-73
Added Pin To Net: NetName=ANL_RES_10 Pin=X5-28
Added Net: Name=ANL_RES_10
Added Pin To Net: NetName=ANL_RES_11 Pin=X3-74
Added Pin To Net: NetName=ANL_RES_11 Pin=X5-29
Added Net: Name=ANL_RES_11
Added Pin To Net: NetName=ANL_RES_12 Pin=X3-77
Added Pin To Net: NetName=ANL_RES_12 Pin=X5-21
Added Net: Name=ANL_RES_12
Added Pin To Net: NetName=COLLECTIVE_FLT Pin=X3-78
Added Pin To Net: NetName=COLLECTIVE_FLT Pin=X5-24
Added Pin To Net: NetName=COLLECTIVE_FLT Pin=X6-14
Added Net: Name=COLLECTIVE_FLT
Added Pin To Net: NetName=CS_FASTADC Pin=X3-54
Added Pin To Net: NetName=CS_FASTADC Pin=X5-8
Added Pin To Net: NetName=CS_FASTADC Pin=X6-12
Added Net: Name=CS_FASTADC
Added Pin To Net: NetName=GND Pin=R3-1
Added Pin To Net: NetName=GND Pin=X1-2
Added Pin To Net: NetName=GND Pin=X1-5
Added Pin To Net: NetName=GND Pin=X1-8
Added Pin To Net: NetName=GND Pin=X1-11
Added Pin To Net: NetName=GND Pin=X1-14
Added Pin To Net: NetName=GND Pin=X1-16
Added Pin To Net: NetName=GND Pin=X1-17
Added Pin To Net: NetName=GND Pin=X1-18
Added Pin To Net: NetName=GND Pin=X1-22
Added Pin To Net: NetName=GND Pin=X1-25
Added Pin To Net: NetName=GND Pin=X1-28
Added Pin To Net: NetName=GND Pin=X1-31
Added Pin To Net: NetName=GND Pin=X1-34
Added Pin To Net: NetName=GND Pin=X1-37
Added Pin To Net: NetName=GND Pin=X1-Z1
Added Pin To Net: NetName=GND Pin=X1-Z2
Added Pin To Net: NetName=GND Pin=X2-1
Added Pin To Net: NetName=GND Pin=X2-2
Added Pin To Net: NetName=GND Pin=X2-3
Added Pin To Net: NetName=GND Pin=X2-4
Added Pin To Net: NetName=GND Pin=X2-7
Added Pin To Net: NetName=GND Pin=X2-8
Added Pin To Net: NetName=GND Pin=X2-11
Added Pin To Net: NetName=GND Pin=X2-12
Added Pin To Net: NetName=GND Pin=X2-15
Added Pin To Net: NetName=GND Pin=X3-1
Added Pin To Net: NetName=GND Pin=X3-2
Added Pin To Net: NetName=GND Pin=X3-3
Added Pin To Net: NetName=GND Pin=X3-4
Added Pin To Net: NetName=GND Pin=X3-7
Added Pin To Net: NetName=GND Pin=X3-8
Added Pin To Net: NetName=GND Pin=X3-11
Added Pin To Net: NetName=GND Pin=X3-12
Added Pin To Net: NetName=GND Pin=X3-15
Added Pin To Net: NetName=GND Pin=X3-16
Added Pin To Net: NetName=GND Pin=X3-21
Added Pin To Net: NetName=GND Pin=X3-22
Added Pin To Net: NetName=GND Pin=X3-27
Added Pin To Net: NetName=GND Pin=X3-28
Added Pin To Net: NetName=GND Pin=X3-33
Added Pin To Net: NetName=GND Pin=X3-34
Added Pin To Net: NetName=GND Pin=X3-39
Added Pin To Net: NetName=GND Pin=X3-40
Added Pin To Net: NetName=GND Pin=X3-45
Added Pin To Net: NetName=GND Pin=X3-46
Added Pin To Net: NetName=GND Pin=X3-51
Added Pin To Net: NetName=GND Pin=X3-52
Added Pin To Net: NetName=GND Pin=X3-57
Added Pin To Net: NetName=GND Pin=X3-58
Added Pin To Net: NetName=GND Pin=X3-63
Added Pin To Net: NetName=GND Pin=X3-64
Added Pin To Net: NetName=GND Pin=X3-69
Added Pin To Net: NetName=GND Pin=X3-70
Added Pin To Net: NetName=GND Pin=X3-75
Added Pin To Net: NetName=GND Pin=X3-76
Added Pin To Net: NetName=GND Pin=X4-1
Added Pin To Net: NetName=GND Pin=X4-4
Added Pin To Net: NetName=GND Pin=X4-7
Added Pin To Net: NetName=GND Pin=X4-10
Added Pin To Net: NetName=GND Pin=X4-13
Added Pin To Net: NetName=GND Pin=X4-16
Added Pin To Net: NetName=GND Pin=X4-19
Added Pin To Net: NetName=GND Pin=X4-22
Added Pin To Net: NetName=GND Pin=X4-25
Added Pin To Net: NetName=GND Pin=X4-28
Added Pin To Net: NetName=GND Pin=X5-3
Added Pin To Net: NetName=GND Pin=X5-6
Added Pin To Net: NetName=GND Pin=X5-9
Added Pin To Net: NetName=GND Pin=X5-12
Added Pin To Net: NetName=GND Pin=X5-15
Added Pin To Net: NetName=GND Pin=X5-18
Added Pin To Net: NetName=GND Pin=X6-8
Added Pin To Net: NetName=GND Pin=X6-9
Added Pin To Net: NetName=GND Pin=X6-Z1
Added Pin To Net: NetName=GND Pin=X6-Z2
Added Net: Name=GND
Added Pin To Net: NetName=I2C_SHARED_SCL Pin=X3-49
Added Pin To Net: NetName=I2C_SHARED_SCL Pin=X5-4
Added Pin To Net: NetName=I2C_SHARED_SCL Pin=X6-11
Added Net: Name=I2C_SHARED_SCL
Added Pin To Net: NetName=I2C_SHARED_SDA Pin=X3-50
Added Pin To Net: NetName=I2C_SHARED_SDA Pin=X5-5
Added Pin To Net: NetName=I2C_SHARED_SDA Pin=X6-4
Added Net: Name=I2C_SHARED_SDA
Added Pin To Net: NetName=PILOT_IN Pin=R2-2
Added Pin To Net: NetName=PILOT_IN Pin=X3-80
Added Pin To Net: NetName=PILOT_IN Pin=X5-30
Added Pin To Net: NetName=PILOT_IN Pin=X6-15
Added Net: Name=PILOT_IN
Added Pin To Net: NetName=PILOT_OUT Pin=R1-2
Added Pin To Net: NetName=PILOT_OUT Pin=R2-1
Added Pin To Net: NetName=PILOT_OUT Pin=R3-2
Added Pin To Net: NetName=PILOT_OUT Pin=X3-79
Added Pin To Net: NetName=PILOT_OUT Pin=X5-27
Added Pin To Net: NetName=PILOT_OUT Pin=X6-7
Added Net: Name=PILOT_OUT
Added Pin To Net: NetName=PL_ANL_GPIO_01 Pin=X3-55
Added Pin To Net: NetName=PL_ANL_GPIO_01 Pin=X5-10
Added Pin To Net: NetName=PL_ANL_GPIO_01 Pin=X6-5
Added Net: Name=PL_ANL_GPIO_01
Added Pin To Net: NetName=PS_ANL_GPIO_01 Pin=X3-56
Added Pin To Net: NetName=PS_ANL_GPIO_01 Pin=X5-11
Added Pin To Net: NetName=PS_ANL_GPIO_01 Pin=X6-13
Added Net: Name=PS_ANL_GPIO_01
Added Pin To Net: NetName=PS_ANL_GPIO_02 Pin=X3-59
Added Pin To Net: NetName=PS_ANL_GPIO_02 Pin=X5-13
Added Pin To Net: NetName=PS_ANL_GPIO_02 Pin=X6-6
Added Net: Name=PS_ANL_GPIO_02
Added Pin To Net: NetName=SPI_SHARED_CLK Pin=X3-48
Added Pin To Net: NetName=SPI_SHARED_CLK Pin=X5-2
Added Pin To Net: NetName=SPI_SHARED_CLK Pin=X6-10
Added Net: Name=SPI_SHARED_CLK
Added Pin To Net: NetName=SPI_SHARED_CS Pin=X3-53
Added Pin To Net: NetName=SPI_SHARED_CS Pin=X5-7
Added Pin To Net: NetName=SPI_SHARED_CS Pin=X6-3
Added Net: Name=SPI_SHARED_CS
Added Pin To Net: NetName=SPI_SHARED_MOSI Pin=X3-47
Added Pin To Net: NetName=SPI_SHARED_MOSI Pin=X5-1
Added Pin To Net: NetName=SPI_SHARED_MOSI Pin=X6-2
Added Net: Name=SPI_SHARED_MOSI
Added Pin To Net: NetName=VIN_FUSED Pin=F1-2
Added Pin To Net: NetName=VIN_FUSED Pin=X1-19
Added Pin To Net: NetName=VIN_FUSED Pin=X2-5
Added Pin To Net: NetName=VIN_FUSED Pin=X2-6
Added Net: Name=VIN_FUSED
Added Pin To Net: NetName=VIN Pin=F1-1
Added Pin To Net: NetName=VIN Pin=X3-5
Added Pin To Net: NetName=VIN Pin=X3-6
Added Net: Name=VIN
Added Class: Name=Connector
Added Differential Pair: Name=ANL_01
Added Differential Pair: Name=ANL_02
Added Differential Pair: Name=ANL_03
Added Differential Pair: Name=ANL_04
Added Differential Pair: Name=ANL_05
Added Differential Pair: Name=ANL_06
Added Differential Pair: Name=ANL_07
Added Differential Pair: Name=ANL_08
Added Differential Pair: Name=ANL_09
Added Differential Pair: Name=ANL_10
Added Room: Name=Connector
